lcReservedWord      	1	1	program
lcIdentificator     	1	8	agc
lcSeparator         	1	12	;
lcReservedWord      	2	1	begin
lcIdentificator     	3	1	writeln
lcSeparator         	3	10	(
lcIdentificator     	3	10	Format
lcSeparator         	3	16	(
lcString            	3	16	%s program 2
lcSeparator         	3	30	,
lcSeparator         	3	30	[
lcIdentificator     	3	30	myStr
lcSeparator         	3	35	]
lcSeparator         	3	35	)
lcSeparator         	3	35	)
lcSeparator         	3	35	;
lcReservedWord      	3	35	for
lcIdentificator     	4	6	i
lcOperation         	4	8	:=
lcInteger           	4	10	1
lcReservedWord      	4	11	downto
lcInteger           	4	18	0
lcReservedWord      	4	20	do
lcReservedWord      	4	23	begin
lcIdentificator     	5	1	g
lcOperation         	5	6	:=
lcOperation         	5	9	@
lcIdentificator     	5	10	g
lcSeparator         	5	11	;
lcReservedWord      	6	1	end
lcSeparator         	6	6	;
lcReservedWord      	7	1	end
