lcInteger           	1	1	0
lcInteger           	2	1	1
lcInteger           	2	2	2
lcInteger           	2	4	3
lcInteger           	3	1	10
lcInteger           	4	1	11
lcFloat             	5	1	15.1
lcError             	6	1	.1
lcError             	7	1	1.
lcError             	8	1	99999999999999999999999999
lcInteger           	9	1	$10
lcInteger           	10	1	$FF00FF
lcError             	11	1	$.
lcError             	12	1	$.0
lcError             	13	1	$1.0
