lcIdentificator     	1	1	comment
lcSeparator         	1	8	(
lcSeparator         	1	8	)
lcIdentificator     	1	8	b
lcOperation         	1	9	=
lcIdentificator     	1	25	c
lcSeparator         	1	26	;
lcIdentificator     	1	26	c
lcOperation         	2	2	/
lcIdentificator     	2	3	d
lcFloat             	2	4	3.0
lcInteger           	3	8	123
lcIdentificator     	6	3	cd
lcSeparator         	6	6	(
lcSeparator         	6	6	)
lcSeparator         	6	6	;
lcInteger           	6	6	6
lcInteger           	7	2	7
