lcInteger           	1	1	0
lcSeparator         	1	2	;
lcInteger           	2	1	1
lcInteger           	3	1	10
lcSeparator         	3	3	;
lcInteger           	3	4	11
lcSeparator         	4	3	;
lcFloat             	5	1	15.1
lcSeparator         	6	1	;
lcError             	6	1	.1
lcSeparator         	6	4	;
lcError             	7	1	1.
lcSeparator         	7	3	;
lcError             	7	4	99999999999999999999999999
lcSeparator         	8	27	;
lcInteger           	9	1	$10
lcSeparator         	9	4	;
lcInteger           	10	1	$FF00FF
lcSeparator         	10	8	;
lcError             	11	1	$.
lcSeparator         	11	3	;
lcError             	12	1	$.0
lcSeparator         	12	4	;
lcError             	13	1	$1.0
